30
12
13
402
107
12494
30806
26638
70569
256271
3257793
