21
139
35
45
1446
1262
2120
23754
8331
1555
20607
1497440509
1765568367
275650745
30876550
